// Jest Snapshot v1, https://goo.gl/fbAQLP

exports[`<Main /> should render heading 1`] = `
.c0 {
  background-color: #06092b;
  color: #fff;
}

<main
  class="c0"
>
  <h1>
    Fabio Morelli Site em construção
  </h1>
</main>
`
